\BOOKMARK [1][-]{section.0.1}{\376\377\000A\000b\000s\000t\000r\000a\000c\000t}{}% 1
\BOOKMARK [1][-]{section.0.2}{\376\377\000I\000n\000t\000r\000o\000d\000u\000c\000t\000i\000o\000n}{}% 2
\BOOKMARK [1][-]{section.0.3}{\376\377\000L\000i\000t\000e\000r\000a\000t\000u\000r\000e\000\040\000R\000e\000v\000i\000e\000w}{}% 3
\BOOKMARK [2][-]{subsection.0.3.1}{\376\377\000c\000u\000r\000r\000e\000n\000t\000\040\000m\000a\000c\000h\000i\000n\000e\000\040\000u\000n\000l\000e\000a\000r\000n\000i\000n\000g\000\040\000m\000o\000d\000e\000l\000s\000\040\000a\000n\000d\000\040\000t\000e\000c\000h\000n\000i\000q\000u\000e\000s}{section.0.3}% 4
\BOOKMARK [2][-]{subsection.0.3.2}{\376\377\000M\000e\000t\000r\000i\000c\000\040\000o\000n\000\040\000m\000a\000c\000h\000i\000n\000e\000\040\000u\000n\000l\000e\000a\000r\000n\000i\000n\000g}{section.0.3}% 5
\BOOKMARK [3][-]{subsubsection.0.3.2.1}{\376\377\000N\000e\000u\000r\000a\000I\000P\000S\000\040\0002\0000\0002\0003\000\040\000u\000n\000l\000e\000a\000r\000n\000i\000n\000g\000\040\000c\000o\000m\000p\000e\000t\000i\000t\000i\000o\000n\000\040\000b\000e\000n\000c\000h\000m\000a\000r\000k}{subsection.0.3.2}% 6
\BOOKMARK [2][-]{subsection.0.3.3}{\376\377\000M\000e\000m\000o\000r\000y\000\040\000c\000o\000n\000s\000o\000l\000i\000d\000a\000t\000i\000o\000n\000\040\000a\000n\000d\000\040\000e\000m\000o\000t\000i\000o\000n\000a\000l\000\040\000m\000e\000m\000o\000r\000y\000\040\000t\000h\000e\000r\000a\000p\000y}{section.0.3}% 7
\BOOKMARK [2][-]{subsection.0.3.4}{\376\377\000H\000o\000p\000f\000i\000e\000l\000d\000\040\000n\000e\000t\000w\000o\000r\000k\000,\000\040\000A\000s\000s\000o\000c\000i\000a\000t\000i\000v\000e\000\040\000m\000e\000m\000o\000r\000y\000\040\000m\000o\000d\000e\000l\000i\000n\000g}{section.0.3}% 8
\BOOKMARK [2][-]{subsection.0.3.5}{\376\377\000H\000i\000p\000p\000o\000c\000a\000m\000p\000a\000l\000\040\000i\000n\000d\000e\000x\000\040\000t\000h\000e\000o\000r\000y}{section.0.3}% 9
\BOOKMARK [2][-]{subsection.0.3.6}{\376\377\000k\000e\000y\000\040\000p\000r\000o\000b\000l\000e\000m\000s\000\040\000a\000n\000d\000\040\000c\000h\000a\000l\000l\000e\000n\000g\000e\000s}{section.0.3}% 10
\BOOKMARK [3][-]{subsubsection.0.3.6.1}{\376\377\000B\000i\000o\000l\000o\000g\000i\000c\000a\000l\000\040\000a\000c\000c\000u\000r\000a\000c\000y\000\040\000v\000s\000\040\000p\000r\000o\000p\000e\000r\000t\000y\000\040\000e\000m\000u\000l\000a\000t\000i\000o\000n}{subsection.0.3.6}% 11
\BOOKMARK [3][-]{subsubsection.0.3.6.2}{\376\377\000o\000p\000p\000o\000s\000i\000t\000e\000\040\000p\000r\000o\000b\000l\000e\000m\000\040\000n\000a\000t\000u\000r\000e\000\040\000o\000f\000\040\000b\000r\000a\000i\000n\000\040\000a\000l\000i\000g\000n\000e\000d\000\040\000m\000e\000m\000o\000r\000y\000\040\000s\000y\000s\000t\000e\000m\000s}{subsection.0.3.6}% 12
\BOOKMARK [2][-]{subsection.0.3.7}{\376\377\000p\000a\000s\000t\000\040\000w\000o\000r\000k\000\040\000a\000n\000d\000\040\000s\000t\000a\000t\000e\000-\000o\000f\000-\000t\000h\000e\000-\000a\000r\000t}{section.0.3}% 13
\BOOKMARK [1][-]{section.0.4}{\376\377\000S\000y\000s\000t\000e\000m\000\040\000r\000e\000q\000u\000i\000r\000e\000m\000e\000n\000t\000s\000\040\000a\000n\000d\000\040\000s\000p\000e\000c\000i\000f\000i\000c\000a\000t\000i\000o\000n}{}% 14
\BOOKMARK [2][-]{subsection.0.4.1}{\376\377\000r\000e\000q\000u\000i\000r\000e\000m\000e\000n\000t\000s\000\040\000g\000a\000t\000h\000e\000r\000i\000n\000g\000\040\000a\000n\000d\000\040\000p\000r\000i\000o\000r\000i\000t\000i\000z\000a\000t\000i\000o\000n}{section.0.4}% 15
\BOOKMARK [2][-]{subsection.0.4.2}{\376\377\000a\000p\000p\000r\000o\000p\000r\000i\000a\000t\000e\000\040\000s\000o\000f\000t\000w\000a\000r\000e\000\040\000d\000e\000v\000e\000l\000o\000p\000m\000e\000n\000t\000\040\000l\000i\000f\000e\000\040\000c\000y\000c\000l\000e\000\040\000m\000e\000t\000h\000o\000d\000o\000l\000o\000g\000i\000e\000s\000\040\000f\000o\000r\000\040\000d\000e\000v\000e\000l\000o\000p\000m\000e\000n\000t\000\040\000p\000r\000o\000j\000e\000c\000t\000s}{section.0.4}% 16
\BOOKMARK [2][-]{subsection.0.4.3}{\376\377\000i\000d\000e\000n\000t\000i\000f\000y\000\040\000k\000e\000y\000\040\000a\000n\000d\000\040\000o\000p\000t\000i\000o\000n\000a\000l\000\040\000f\000e\000a\000t\000u\000r\000e\000s\000\040\000/\000\040\000a\000s\000p\000e\000c\000t\000s}{section.0.4}% 17
\BOOKMARK [1][-]{section.0.5}{\376\377\000L\000e\000g\000a\000l\000,\000\040\000S\000o\000c\000i\000a\000l\000\040\000E\000t\000h\000i\000c\000a\000l\000\040\000a\000n\000d\000\040\000P\000r\000o\000f\000e\000s\000s\000i\000o\000n\000a\000l\000\040\000i\000s\000s\000u\000e\000s}{}% 18
\BOOKMARK [1][-]{section.0.6}{\376\377\000S\000y\000s\000t\000e\000m\000\040\000D\000e\000s\000i\000g\000n}{}% 19
\BOOKMARK [2][-]{subsection.0.6.1}{\376\377\000D\000e\000v\000e\000l\000o\000p\000m\000e\000n\000t}{section.0.6}% 20
\BOOKMARK [2][-]{subsection.0.6.2}{\376\377\000E\000x\000p\000e\000r\000i\000e\000m\000n\000t\000\040\000d\000e\000s\000i\000g\000n\000,\000\040\000r\000e\000s\000e\000a\000r\000c\000h\000,\000\040\000a\000n\000d\000\040\000a\000n\000a\000l\000y\000t\000i\000c\000a\000l\000\040\000t\000e\000c\000h\000n\000i\000q\000u\000e\000s}{section.0.6}% 21
\BOOKMARK [2][-]{subsection.0.6.3}{\376\377\000P\000h\000a\000s\000e\000s\000\040\000o\000f\000\040\000d\000e\000v\000e\000l\000o\000p\000m\000e\000n\000t\000\040\000a\000n\000d\000\040\000e\000x\000p\000e\000r\000i\000m\000e\000n\000t\000s}{section.0.6}% 22
\BOOKMARK [2][-]{subsection.0.6.4}{\376\377\000a\000d\000d\000\040\000d\000e\000t\000a\000i\000l\000s\000\040\000o\000f\000\040\000d\000e\000s\000i\000g\000n\000\040\000o\000r\000\040\000e\000x\000p\000e\000r\000i\000m\000e\000n\000t\000s\000\040\000-\000\040\000c\000h\000a\000l\000l\000e\000n\000g\000e\000s\000,\000\040\000p\000r\000o\000b\000l\000e\000m\000s\000,\000\040\000w\000o\000r\000k\000a\000r\000o\000u\000n\000d\000s\000,\000\040\000a\000d\000a\000p\000t\000a\000t\000i\000o\000n\000s\000,\000\040\000e\000x\000t\000e\000n\000s\000i\000o\000n\000s\000,\000\040\000e\000t\000c\000.}{section.0.6}% 23
\BOOKMARK [2][-]{subsection.0.6.5}{\376\377\000J\000u\000s\000t\000i\000f\000i\000c\000a\000t\000i\000o\000n\000\040\000o\000f\000\040\000d\000e\000s\000i\000g\000n\000\040\000c\000h\000o\000i\000c\000e\000s\000\040\000a\000n\000d\000\040\000h\000i\000g\000h\000l\000i\000g\000h\000t\000\040\000t\000h\000e\000\040\000c\000h\000a\000l\000l\000e\000n\000g\000e\000s}{section.0.6}% 24
\BOOKMARK [1][-]{section.0.7}{\376\377\000E\000x\000p\000e\000r\000i\000m\000e\000n\000t\000a\000l\000\040\000R\000e\000s\000u\000l\000t\000s\000\040\000/\000\040\000E\000v\000a\000l\000u\000a\000t\000i\000o\000n}{}% 25
\BOOKMARK [2][-]{subsection.0.7.1}{\376\377\000e\000v\000a\000l\000u\000a\000t\000e\000\040\000h\000o\000w\000\040\000t\000h\000e\000\040\000s\000y\000s\000t\000e\000m\000\040\000p\000e\000r\000f\000o\000r\000m\000s}{section.0.7}% 26
\BOOKMARK [2][-]{subsection.0.7.2}{\376\377\000d\000i\000s\000c\000u\000s\000s\000\040\000r\000e\000s\000u\000l\000t\000s\000\040\000a\000n\000d\000\040\000s\000h\000o\000w\000\040\000i\000n\000s\000i\000g\000h\000t\000s\000\040\000i\000n\000t\000o\000\040\000w\000h\000y\000\040\000y\000o\000u\000\040\000g\000o\000t\000\040\000t\000h\000a\000t\000\040\000r\000e\000s\000u\000l\000t}{section.0.7}% 27
\BOOKMARK [1][-]{section.0.8}{\376\377\000C\000o\000n\000c\000l\000u\000s\000i\000o\000n\000\040\000a\000n\000d\000\040\000F\000u\000t\000u\000r\000e\000\040\000W\000o\000r\000k}{}% 28
\BOOKMARK [2][-]{subsection.0.8.1}{\376\377\000O\000v\000e\000r\000a\000l\000l\000\040\000p\000r\000o\000j\000e\000c\000t\000\040\000c\000o\000n\000c\000l\000u\000s\000i\000o\000n\000s\000\040\000\050\000h\000o\000w\000\040\000d\000i\000d\000\040\000y\000o\000u\000\040\000a\000c\000h\000i\000e\000v\000e\000\040\000t\000h\000e\000\040\000p\000r\000o\000j\000e\000c\000t\000\040\000o\000b\000j\000e\000c\000t\000i\000v\000e\000s\000\040\000s\000e\000t\000\040\000a\000t\000\040\000t\000h\000e\000\040\000b\000e\000g\000i\000n\000n\000i\000n\000g\000?\000\051}{section.0.8}% 29
\BOOKMARK [1][-]{section.0.9}{\376\377\000R\000e\000f\000e\000r\000e\000n\000c\000e\000s}{}% 30
\BOOKMARK [1][-]{section.Alph0.1}{\376\377\000A\000p\000p\000e\000n\000d\000i\000x}{}% 31
